../Core/Src/main.c:97:6:HAL_SPI_RxCpltCallback	16	static
../Core/Src/main.c:109:5:main	8	static
../Core/Src/main.c:169:6:SystemClock_Config	120	static
../Core/Src/main.c:229:6:PeriphCommonClock_Config	200	static
../Core/Src/main.c:248:13:MX_ETH_Init	8	static
../Core/Src/main.c:297:13:MX_SPI1_Init	8	static
../Core/Src/main.c:345:13:MX_USART3_UART_Init	8	static
../Core/Src/main.c:393:13:MX_USB_OTG_FS_PCD_Init	8	static
../Core/Src/main.c:427:13:MX_DMA_Init	16	static
../Core/Src/main.c:445:13:MX_GPIO_Init	56	static
../Core/Src/main.c:520:6:Error_Handler	4	static,ignoring_inline_asm
