../Core/Src/main.c:95:6:HAL_SPI_RxCpltCallback	16	static
../Core/Src/main.c:106:5:main	8	static
../Core/Src/main.c:160:6:SystemClock_Config	120	static
../Core/Src/main.c:220:6:PeriphCommonClock_Config	200	static
../Core/Src/main.c:239:13:MX_ETH_Init	8	static
../Core/Src/main.c:288:13:MX_SPI1_Init	8	static
../Core/Src/main.c:336:13:MX_USART3_UART_Init	8	static
../Core/Src/main.c:384:13:MX_USB_OTG_FS_PCD_Init	8	static
../Core/Src/main.c:418:13:MX_DMA_Init	16	static
../Core/Src/main.c:436:13:MX_GPIO_Init	56	static
../Core/Src/main.c:511:6:Error_Handler	4	static,ignoring_inline_asm
